// Jest Snapshot v1, https://goo.gl/fbAQLP

exports[`About Page renders successfully 1`] = `ShallowWrapper {}`;
