// Jest Snapshot v1, https://goo.gl/fbAQLP

exports[`Navbar Component renders main component 1`] = `ShallowWrapper {}`;
